// Vitest Snapshot v1, https://vitest.dev/guide/snapshot.html

exports[`help-docs corpus staleness (#1288) > chunk ids freshly extracted from website/docs/*.html match the reviewed snapshot 1`] = `
[
  "connecting-cli.html",
  "connecting-cli.html#build",
  "connecting-cli.html#commands",
  "connecting-cli.html#grounded",
  "connecting-cli.html#proposing",
  "connecting-cli.html#related",
  "connecting-mcp.html",
  "connecting-mcp.html#connect",
  "connecting-mcp.html#freshness",
  "connecting-mcp.html#related",
  "connecting-mcp.html#start",
  "connecting-mcp.html#tools",
  "connecting.html",
  "connecting.html#learn-more",
  "connecting.html#two-ways",
  "connecting.html#what",
  "conversations-chatting.html",
  "conversations-chatting.html#citations",
  "conversations-chatting.html#opening",
  "conversations-chatting.html#opening",
  "conversations-chatting.html#scoping",
  "conversations-chatting.html#scoping",
  "conversations-chatting.html#sending",
  "conversations-chatting.html#streaming",
  "conversations-drafts.html",
  "conversations-drafts.html#when",
  "conversations-drafts.html#when",
  "conversations-propose-review-approve.html",
  "conversations-propose-review-approve.html#decide",
  "conversations-propose-review-approve.html#diff",
  "conversations-propose-review-approve.html#one-proposal",
  "conversations-propose-review-approve.html#why",
  "conversations-slash-commands.html",
  "conversations-slash-commands.html#built-in",
  "conversations-slash-commands.html#keyboard",
  "conversations-slash-commands.html#opening",
  "conversations-slash-commands.html#thinking-tools",
  "conversations-slash-commands.html#thinking-tools",
  "conversations.html",
  "conversations.html#glance",
  "conversations.html#learn-more",
  "data-operations.html",
  "data-operations.html#asking",
  "data-operations.html#export-graph",
  "data-operations.html#related",
  "data.html",
  "data.html#do-with-it",
  "data.html#do-with-it",
  "data.html#operations",
  "data.html#two-kinds",
  "data.html#what-becomes-data",
  "data.html#where",
  "editor-keyboard-shortcuts.html",
  "editor-keyboard-shortcuts.html#file-and-editing",
  "editor-keyboard-shortcuts.html#formatting",
  "editor-keyboard-shortcuts.html#navigation",
  "editor-link-autocomplete.html",
  "editor-link-autocomplete.html#trigger",
  "editor-link-autocomplete.html#trigger",
  "editor-markdown-formatting.html",
  "editor-markdown-formatting.html#basics",
  "editor-markdown-formatting.html#basics",
  "editor-markdown-formatting.html#more",
  "editor-markdown-formatting.html#more",
  "editor-operations.html",
  "editor-operations.html#basics",
  "editor-operations.html#find-replace",
  "editor-operations.html#insert-transform",
  "editor-operations.html#related",
  "editor-voice-dictation.html",
  "editor-voice-dictation.html#accuracy",
  "editor-voice-dictation.html#using-it",
  "editor-writing-surface.html",
  "editor-writing-surface.html#live-rendering",
  "editor-writing-surface.html#live-rendering",
  "editor.html",
  "editor.html#glance",
  "editor.html#learn-more",
  "export-bibliography.html",
  "export-bibliography.html#bibtex",
  "export-bibliography.html#pandoc",
  "export-bibliography.html#settings",
  "export-documents.html",
  "export-documents.html#exporters",
  "export-documents.html#link-policies",
  "export-flashcards.html",
  "export-flashcards.html#decks",
  "export-flashcards.html#ids",
  "export-flashcards.html#writing",
  "export-publishing.html",
  "export-publishing.html#publish-to-web",
  "export-publishing.html#static-site",
  "export-scopes-privacy.html",
  "export-scopes-privacy.html#privacy",
  "export-scopes-privacy.html#reviewing",
  "export-scopes-privacy.html#scope",
  "export.html",
  "export.html#glance",
  "export.html#learn-more",
  "index.html",
  "index.html#sections",
  "index.html#sections",
  "ingest-adding-sources.html",
  "ingest-adding-sources.html#drop",
  "ingest-adding-sources.html#menu",
  "ingest-adding-sources.html#panel",
  "ingest-citing-duplicates.html",
  "ingest-citing-duplicates.html#citing",
  "ingest-citing-duplicates.html#duplicates",
  "ingest-clipper.html",
  "ingest-clipper.html#capture",
  "ingest-clipper.html#install",
  "ingest-pdf.html",
  "ingest-pdf.html#ocr",
  "ingest-pdf.html#text-layer",
  "ingest.html",
  "ingest.html#glance",
  "ingest.html#learn-more",
  "left-sidebar-bookmarks.html",
  "left-sidebar-bookmarks.html#creating",
  "left-sidebar-bookmarks.html#managing",
  "left-sidebar-bookmarks.html#selecting",
  "left-sidebar-notes-tree.html",
  "left-sidebar-notes-tree.html#create",
  "left-sidebar-notes-tree.html#empty-project",
  "left-sidebar-notes-tree.html#header",
  "left-sidebar-notes-tree.html#rename-move",
  "left-sidebar-notes-tree.html#rename-move",
  "left-sidebar-notes-tree.html#tree",
  "left-sidebar-notes-tree.html#tree",
  "left-sidebar-objects.html",
  "left-sidebar-objects.html#excerpts",
  "left-sidebar-objects.html#list",
  "left-sidebar-objects.html#related",
  "left-sidebar-objects.html#saved-views",
  "left-sidebar-objects.html#views",
  "left-sidebar-sources.html",
  "left-sidebar-sources.html#adding",
  "left-sidebar-sources.html#adding",
  "left-sidebar-sources.html#browsing",
  "left-sidebar-sources.html#browsing",
  "left-sidebar-sources.html#citations",
  "left-sidebar-sources.html#collections",
  "left-sidebar-sources.html#collections",
  "left-sidebar-sources.html#detail",
  "left-sidebar-sources.html#detail",
  "left-sidebar-sources.html#what-is-a-source",
  "left-sidebar-tables.html",
  "left-sidebar-tables.html#clicking",
  "left-sidebar-tables.html#panel",
  "left-sidebar-tables.html#registration",
  "left-sidebar-tags.html",
  "left-sidebar-tags.html#panel",
  "left-sidebar-tags.html#selecting",
  "left-sidebar-tags.html#sources",
  "left-sidebar.html",
  "left-sidebar.html#glance",
  "left-sidebar.html#learn-more",
  "maintenance.html",
  "maintenance.html#actions",
  "maintenance.html#actions",
  "navigation-back-forward.html",
  "navigation-back-forward.html#controls",
  "navigation-back-forward.html#what-counts",
  "navigation-back-forward.html#what-counts",
  "navigation-breadcrumbs.html",
  "navigation-breadcrumbs.html#clicking",
  "navigation-breadcrumbs.html#trail",
  "navigation-breadcrumbs.html#updates",
  "navigation-command-palette.html",
  "navigation-command-palette.html#empty",
  "navigation-command-palette.html#filtering",
  "navigation-command-palette.html#keyboard",
  "navigation-quick-switch.html",
  "navigation-quick-switch.html#contrast",
  "navigation-quick-switch.html#keys",
  "navigation-quick-switch.html#matching",
  "navigation-quick-switch.html#scope",
  "navigation-search.html",
  "navigation-search.html#contrast",
  "navigation-search.html#live",
  "navigation-search.html#opening",
  "navigation-search.html#replace",
  "navigation-search.html#results",
  "navigation-search.html#scope",
  "navigation-wiki-links.html",
  "navigation-wiki-links.html#following",
  "navigation-wiki-links.html#hover",
  "navigation.html",
  "navigation.html#glance",
  "navigation.html#learn-more",
  "notes-callouts.html",
  "notes-callouts.html#kinds",
  "notes-callouts.html#kinds",
  "notes-callouts.html#nesting",
  "notes-callouts.html#syntax",
  "notes-charts.html",
  "notes-charts.html#data",
  "notes-charts.html#insert",
  "notes-charts.html#insert",
  "notes-charts.html#rendering",
  "notes-code.html",
  "notes-code.html#output",
  "notes-code.html#python",
  "notes-code.html#running",
  "notes-code.html#syntax",
  "notes-code.html#trust",
  "notes-diagrams.html",
  "notes-diagrams.html#syntax",
  "notes-diagrams.html#types",
  "notes-flashcards.html",
  "notes-flashcards.html#good-to-know",
  "notes-flashcards.html#study",
  "notes-flashcards.html#writing",
  "notes-footnotes.html",
  "notes-footnotes.html#editor",
  "notes-footnotes.html#panel",
  "notes-footnotes.html#rendering",
  "notes-footnotes.html#syntax",
  "notes-frontmatter.html",
  "notes-frontmatter.html#custom",
  "notes-frontmatter.html#keys",
  "notes-frontmatter.html#keys",
  "notes-frontmatter.html#syntax",
  "notes-frontmatter.html#values",
  "notes-highlights.html",
  "notes-highlights.html#rendering",
  "notes-highlights.html#syntax",
  "notes-images.html",
  "notes-images.html#formats",
  "notes-images.html#rendering",
  "notes-images.html#syntax",
  "notes-images.html#uploading",
  "notes-links.html",
  "notes-links.html#backlinks",
  "notes-links.html#resolving",
  "notes-links.html#syntax",
  "notes-links.html#types",
  "notes-links.html#types",
  "notes-math.html",
  "notes-math.html#rendering",
  "notes-math.html#syntax",
  "notes-media.html",
  "notes-media.html#rendering",
  "notes-media.html#syntax",
  "notes-media.html#urls",
  "notes-query.html",
  "notes-query.html#backlinks",
  "notes-query.html#options",
  "notes-query.html#shapes",
  "notes-query.html#writing",
  "notes-rdf.html",
  "notes-rdf.html#prefixes",
  "notes-rdf.html#syntax",
  "notes-search.html",
  "notes-search.html#by-keyword",
  "notes-search.html#by-meaning",
  "notes-search.html#options",
  "notes-tables.html",
  "notes-tables.html#data",
  "notes-tables.html#syntax",
  "notes-tasks.html",
  "notes-tasks.html#syntax",
  "notes-tasks.html#toggling",
  "notes-typed-notes.html",
  "notes-typed-notes.html#filling-in",
  "notes-typed-notes.html#making",
  "notes-typed-notes.html#making",
  "notes-typed-notes.html#still-a-note",
  "notes-typed-notes.html#what-you-get",
  "notes-typed-notes.html#where",
  "notes.html",
  "notes.html#contents",
  "notes.html#contents",
  "notes.html#lifecycle",
  "query-menu-panel.html",
  "query-menu-panel.html#menu",
  "query-menu-panel.html#panel",
  "query-menu-panel.html#stock-links",
  "query-menu-panel.html#stock-tables",
  "query-result-blocks.html",
  "query-result-blocks.html#list-table",
  "query-result-blocks.html#schema",
  "query-result-blocks.html#timeseries",
  "query-runnable-cells.html",
  "query-runnable-cells.html#prefixes",
  "query-runnable-cells.html#running",
  "query-runnable-cells.html#sql-tables",
  "refactoring-ai-assisted.html",
  "refactoring-ai-assisted.html#batch",
  "refactoring-ai-assisted.html#delete",
  "refactoring-ai-assisted.html#single",
  "refactoring-manual.html",
  "refactoring-manual.html#actions",
  "refactoring-manual.html#auto-update",
  "refactoring-operations.html",
  "refactoring-operations.html#ai-assisted",
  "refactoring-operations.html#format-biblio",
  "refactoring-operations.html#related",
  "refactoring-operations.html#rename-move",
  "refactoring-operations.html#splitting",
  "refactoring-safe-delete.html",
  "refactoring-safe-delete.html#check",
  "refactoring.html",
  "refactoring.html#glance",
  "refactoring.html#learn-more",
  "right-sidebar-backlinks.html",
  "right-sidebar-backlinks.html#empty",
  "right-sidebar-backlinks.html#layout",
  "right-sidebar-backlinks.html#layout",
  "right-sidebar-bookmarks.html",
  "right-sidebar-bookmarks.html#actions",
  "right-sidebar-bookmarks.html#what-shows",
  "right-sidebar-citations.html",
  "right-sidebar-citations.html#how-it-works",
  "right-sidebar-citations.html#how-it-works",
  "right-sidebar-footnotes.html",
  "right-sidebar-footnotes.html#empty",
  "right-sidebar-footnotes.html#layout",
  "right-sidebar-footnotes.html#stale",
  "right-sidebar-heading-graph.html",
  "right-sidebar-heading-graph.html#contrast",
  "right-sidebar-heading-graph.html#how-it-works",
  "right-sidebar-outgoing-links.html",
  "right-sidebar-outgoing-links.html#cite-quote",
  "right-sidebar-outgoing-links.html#contents",
  "right-sidebar-outgoing-links.html#empty",
  "right-sidebar-outline.html",
  "right-sidebar-outline.html",
  "right-sidebar-properties.html",
  "right-sidebar-properties.html#editing",
  "right-sidebar-properties.html#editing",
  "right-sidebar-properties.html#invalid",
  "right-sidebar-properties.html#related",
  "right-sidebar-properties.html#typed",
  "right-sidebar-properties.html#typed",
  "right-sidebar-properties.html#where",
  "right-sidebar-proposals.html",
  "right-sidebar-proposals.html#audit",
  "right-sidebar-proposals.html#review",
  "right-sidebar-proposals.html#what",
  "right-sidebar-related.html",
  "right-sidebar-related.html#how-it-works",
  "right-sidebar-related.html#reading",
  "right-sidebar-tables.html",
  "right-sidebar-tables.html#contents",
  "right-sidebar-tables.html#relationship",
  "right-sidebar-tags.html",
  "right-sidebar-tags.html#add-remove",
  "right-sidebar-tags.html#hierarchy",
  "right-sidebar-tags.html#hierarchy",
  "right-sidebar.html",
  "right-sidebar.html#glance",
  "right-sidebar.html#learn-more",
  "settings-ai.html",
  "settings-ai.html#apikey",
  "settings-ai.html#model",
  "settings-ai.html#voice",
  "settings-appearance.html",
  "settings-appearance.html#content-font",
  "settings-appearance.html#theme",
  "settings-behaviors.html",
  "settings-behaviors.html#confirmations",
  "settings-behaviors.html#toggles",
  "settings-bibliography.html",
  "settings-bibliography.html#settings",
  "settings-bibliography.html#settings",
  "settings-clipper.html",
  "settings-clipper.html#enable",
  "settings-clipper.html#no-project",
  "settings-clipper.html#pairing",
  "settings-clipper.html#regenerate",
  "settings-compute.html",
  "settings-compute.html#interpreter",
  "settings-compute.html#interpreter",
  "settings-editor.html",
  "settings-editor.html",
  "settings-formatter.html",
  "settings-formatter.html#categories",
  "settings-formatter.html#categories",
  "settings-formatter.html#exempt",
  "settings-formatter.html#model",
  "settings-notes.html",
  "settings-notes.html#excerpt-notes",
  "settings-notes.html#refactoring",
  "settings-notes.html#refactoring",
  "settings-notes.html#refactoring",
  "settings-object-types.html",
  "settings-object-types.html#creating",
  "settings-object-types.html#customizing-stock",
  "settings-object-types.html#editing",
  "settings-object-types.html#list",
  "settings-object-types.html#related",
  "settings-object-types.html#renaming-deleting",
  "settings-skills.html",
  "settings-skills.html#import",
  "settings-skills.html#model-overrides",
  "settings-sources.html",
  "settings-sources.html#ingest",
  "settings-sources.html#privileged-sites",
  "settings-sources.html#privileged-sites",
  "settings-web.html",
  "settings-web.html#controls",
  "settings.html",
  "settings.html#glance",
  "settings.html#learn-more",
  "thinking-tools-analysis.html",
  "thinking-tools-analysis.html#data",
  "thinking-tools-analysis.html#diagnostic",
  "thinking-tools-analysis.html#disagreement",
  "thinking-tools-analysis.html#generation",
  "thinking-tools-analysis.html#motivation",
  "thinking-tools-analysis.html#organization",
  "thinking-tools-analysis.html#pattern",
  "thinking-tools-analysis.html#planning",
  "thinking-tools-analysis.html#related",
  "thinking-tools-analysis.html#semantic",
  "thinking-tools-learning.html",
  "thinking-tools-learning.html#related",
  "thinking-tools-learning.html#skills",
  "thinking-tools-managing-authoring.html",
  "thinking-tools-managing-authoring.html#authoring",
  "thinking-tools-managing-authoring.html#settings",
  "thinking-tools-research.html",
  "thinking-tools-research.html#argumentation",
  "thinking-tools-research.html#decomposition",
  "thinking-tools-research.html#discovery",
  "thinking-tools-research.html#mining",
  "thinking-tools-research.html#related",
  "thinking-tools-research.html#summarize",
  "thinking-tools-research.html#verification",
  "thinking-tools-running-a-skill.html",
  "thinking-tools-running-a-skill.html#invoke",
  "thinking-tools-running-a-skill.html#invoke",
  "thinking-tools-running-a-skill.html#output-modes",
  "thinking-tools-three-menus.html",
  "thinking-tools-three-menus.html#grouping",
  "thinking-tools-three-menus.html#menus",
  "thinking-tools-three-menus.html#menus",
  "thinking-tools-what-they-are.html",
  "thinking-tools-what-they-are.html#stock-vs-user",
  "thinking-tools-what-they-are.html#what-is-a-skill",
  "thinking-tools.html",
  "thinking-tools.html#glance",
  "thinking-tools.html#learn-more",
  "thoughtbase-operations.html",
  "thoughtbase-operations.html#closing",
  "thoughtbase-operations.html#creating",
  "thoughtbase-operations.html#guide",
  "thoughtbase-operations.html#related",
  "thoughtbase-operations.html#rename-delete",
  "thoughtbase-operations.html#switching",
  "thoughtbase.html",
  "thoughtbase.html#contents",
  "thoughtbase.html#contents",
  "thoughtbase.html#managing",
  "thoughtbase.html#what-for",
  "thoughtbase.html#what-for",
  "thoughtbase.html#where",
  "viewing-options-font-size-zoom.html",
  "viewing-options-font-size-zoom.html#mechanisms",
  "viewing-options-operations.html",
  "viewing-options-operations.html#panels",
  "viewing-options-operations.html#related",
  "viewing-options-operations.html#splits",
  "viewing-options-operations.html#theme",
  "viewing-options-operations.html#zoom",
  "viewing-options-split-panes-windows.html",
  "viewing-options-split-panes-windows.html#moving-tabs",
  "viewing-options-split-panes-windows.html#panes",
  "viewing-options-split-panes-windows.html#view-mode",
  "viewing-options-split-panes-windows.html#which",
  "viewing-options-split-panes-windows.html#windows",
  "viewing-options-themes.html",
  "viewing-options-themes.html#switching",
  "viewing-options-themes.html#themes",
  "viewing-options-view-modes.html",
  "viewing-options-view-modes.html#modes",
  "viewing-options-view-modes.html#switching",
  "viewing-options.html",
  "viewing-options.html#glance",
  "viewing-options.html#learn-more",
]
`;
