// Vitest Snapshot v1, https://vitest.dev/guide/snapshot.html

exports[`help-docs corpus staleness (#1288) > chunk ids freshly extracted from website/docs/*.html match the reviewed snapshot 1`] = `
[
  "conversations-chatting.html",
  "conversations-chatting.html#citations",
  "conversations-chatting.html#gotchas",
  "conversations-chatting.html#opening",
  "conversations-chatting.html#opening",
  "conversations-chatting.html#scoping",
  "conversations-chatting.html#scoping",
  "conversations-chatting.html#scoping",
  "conversations-chatting.html#sending",
  "conversations-chatting.html#streaming",
  "conversations-drafts.html",
  "conversations-drafts.html#gotchas",
  "conversations-drafts.html#gotchas",
  "conversations-drafts.html#when",
  "conversations-drafts.html#when",
  "conversations-drafts.html#when",
  "conversations-drafts.html#when",
  "conversations-propose-review-approve.html",
  "conversations-propose-review-approve.html#decide",
  "conversations-propose-review-approve.html#diff",
  "conversations-propose-review-approve.html#diff",
  "conversations-propose-review-approve.html#expiry",
  "conversations-propose-review-approve.html#gotchas",
  "conversations-propose-review-approve.html#gotchas",
  "conversations-propose-review-approve.html#tiers",
  "conversations-propose-review-approve.html#tiers",
  "conversations-propose-review-approve.html#why",
  "conversations.html",
  "conversations.html#glance",
  "conversations.html#learn-more",
  "editor-keyboard-shortcuts.html",
  "editor-keyboard-shortcuts.html#file-and-editing",
  "editor-keyboard-shortcuts.html#file-and-editing",
  "editor-keyboard-shortcuts.html#formatting",
  "editor-keyboard-shortcuts.html#formatting",
  "editor-keyboard-shortcuts.html#gotchas",
  "editor-keyboard-shortcuts.html#gotchas",
  "editor-keyboard-shortcuts.html#navigation",
  "editor-keyboard-shortcuts.html#navigation",
  "editor-link-autocomplete.html",
  "editor-link-autocomplete.html#gotchas",
  "editor-link-autocomplete.html#gotchas",
  "editor-link-autocomplete.html#trigger",
  "editor-link-autocomplete.html#trigger",
  "editor-markdown-formatting.html",
  "editor-markdown-formatting.html#basics",
  "editor-markdown-formatting.html#basics",
  "editor-markdown-formatting.html#more",
  "editor-markdown-formatting.html#more",
  "editor-voice-dictation.html",
  "editor-voice-dictation.html#gotchas",
  "editor-voice-dictation.html#gotchas",
  "editor-voice-dictation.html#how-it-runs",
  "editor-voice-dictation.html#how-it-runs",
  "editor-voice-dictation.html#using-it",
  "editor-voice-dictation.html#using-it",
  "editor-writing-surface.html",
  "editor-writing-surface.html#gotchas",
  "editor-writing-surface.html#live-rendering",
  "editor-writing-surface.html#live-rendering",
  "editor-writing-surface.html#live-rendering",
  "editor-writing-surface.html#live-rendering",
  "editor-writing-surface.html#not-a-textarea",
  "editor.html",
  "editor.html#glance",
  "editor.html#learn-more",
  "export-bibliography.html",
  "export-bibliography.html#bibtex",
  "export-bibliography.html#pandoc",
  "export-bibliography.html#settings",
  "export-documents.html",
  "export-documents.html#exporters",
  "export-documents.html#link-policies",
  "export-flashcards.html",
  "export-flashcards.html#decks",
  "export-flashcards.html#ids",
  "export-flashcards.html#writing",
  "export-publishing.html",
  "export-publishing.html#publish-to-web",
  "export-publishing.html#publish-to-web",
  "export-publishing.html#static-site",
  "export-scopes-privacy.html",
  "export-scopes-privacy.html#privacy",
  "export-scopes-privacy.html#reviewing",
  "export-scopes-privacy.html#scope",
  "export.html",
  "export.html#glance",
  "export.html#learn-more",
  "index.html",
  "index.html#sections",
  "index.html#sections",
  "ingest-adding-sources.html",
  "ingest-adding-sources.html#drop",
  "ingest-adding-sources.html#drop",
  "ingest-adding-sources.html#gotchas",
  "ingest-adding-sources.html#menu",
  "ingest-adding-sources.html#panel",
  "ingest-citing-duplicates.html",
  "ingest-citing-duplicates.html#citing",
  "ingest-citing-duplicates.html#duplicates",
  "ingest-citing-duplicates.html#duplicates",
  "ingest-clipper.html",
  "ingest-clipper.html#capture",
  "ingest-clipper.html#capture",
  "ingest-clipper.html#install",
  "ingest-pdf.html",
  "ingest-pdf.html#ocr",
  "ingest-pdf.html#ocr",
  "ingest-pdf.html#text-layer",
  "ingest.html",
  "ingest.html#glance",
  "ingest.html#learn-more",
  "left-sidebar-bookmarks.html",
  "left-sidebar-bookmarks.html#creating",
  "left-sidebar-bookmarks.html#creating",
  "left-sidebar-bookmarks.html#managing",
  "left-sidebar-bookmarks.html#selecting",
  "left-sidebar-bookmarks.html#selecting",
  "left-sidebar-bookmarks.html#selecting",
  "left-sidebar-bookmarks.html#storage",
  "left-sidebar-bookmarks.html#storage",
  "left-sidebar-notes-tree.html",
  "left-sidebar-notes-tree.html#create",
  "left-sidebar-notes-tree.html#empty-project",
  "left-sidebar-notes-tree.html#header",
  "left-sidebar-notes-tree.html#header",
  "left-sidebar-notes-tree.html#rename-move",
  "left-sidebar-notes-tree.html#rename-move",
  "left-sidebar-notes-tree.html#tree",
  "left-sidebar-notes-tree.html#tree",
  "left-sidebar-notes-tree.html#tree",
  "left-sidebar-sources.html",
  "left-sidebar-sources.html#adding",
  "left-sidebar-sources.html#adding",
  "left-sidebar-sources.html#browsing",
  "left-sidebar-sources.html#browsing",
  "left-sidebar-sources.html#citations",
  "left-sidebar-sources.html#detail",
  "left-sidebar-sources.html#detail",
  "left-sidebar-sources.html#detail",
  "left-sidebar-sources.html#gotchas",
  "left-sidebar-sources.html#what-is-a-source",
  "left-sidebar-sources.html#what-is-a-source",
  "left-sidebar-tables.html",
  "left-sidebar-tables.html#clicking",
  "left-sidebar-tables.html#gotchas",
  "left-sidebar-tables.html#gotchas",
  "left-sidebar-tables.html#panel",
  "left-sidebar-tables.html#registration",
  "left-sidebar-tables.html#registration",
  "left-sidebar-tags.html",
  "left-sidebar-tags.html#gotchas",
  "left-sidebar-tags.html#panel",
  "left-sidebar-tags.html#panel",
  "left-sidebar-tags.html#selecting",
  "left-sidebar-tags.html#sources",
  "left-sidebar-tags.html#sources",
  "left-sidebar.html",
  "left-sidebar.html#glance",
  "left-sidebar.html#learn-more",
  "navigation-back-forward.html",
  "navigation-back-forward.html#controls",
  "navigation-back-forward.html#notes",
  "navigation-back-forward.html#what-counts",
  "navigation-back-forward.html#what-counts",
  "navigation-breadcrumbs.html",
  "navigation-breadcrumbs.html#clicking",
  "navigation-breadcrumbs.html#gotchas",
  "navigation-breadcrumbs.html#trail",
  "navigation-breadcrumbs.html#trail",
  "navigation-breadcrumbs.html#updates",
  "navigation-command-palette.html",
  "navigation-command-palette.html#empty",
  "navigation-command-palette.html#filtering",
  "navigation-command-palette.html#filtering",
  "navigation-command-palette.html#gotchas",
  "navigation-command-palette.html#keyboard",
  "navigation-command-palette.html#opening",
  "navigation-quick-switch.html",
  "navigation-quick-switch.html#contrast",
  "navigation-quick-switch.html#keys",
  "navigation-quick-switch.html#matching",
  "navigation-quick-switch.html#matching",
  "navigation-quick-switch.html#opening",
  "navigation-quick-switch.html#related",
  "navigation-quick-switch.html#scope",
  "navigation-search.html",
  "navigation-search.html#contrast",
  "navigation-search.html#gotchas",
  "navigation-search.html#live",
  "navigation-search.html#opening",
  "navigation-search.html#replace",
  "navigation-search.html#results",
  "navigation-search.html#scope",
  "navigation-search.html#scope",
  "navigation-wiki-links.html",
  "navigation-wiki-links.html#following",
  "navigation-wiki-links.html#following",
  "navigation-wiki-links.html#gotchas",
  "navigation-wiki-links.html#gotchas",
  "navigation-wiki-links.html#graph",
  "navigation-wiki-links.html#hover",
  "navigation.html",
  "navigation.html#glance",
  "navigation.html#learn-more",
  "notes-callouts.html",
  "notes-callouts.html#cards",
  "notes-callouts.html#cards",
  "notes-callouts.html#kinds",
  "notes-callouts.html#kinds",
  "notes-callouts.html#nesting",
  "notes-callouts.html#syntax",
  "notes-callouts.html#syntax",
  "notes-charts.html",
  "notes-charts.html#data",
  "notes-charts.html#data",
  "notes-charts.html#dialects",
  "notes-charts.html#gotchas",
  "notes-charts.html#gotchas",
  "notes-charts.html#rendering",
  "notes-charts.html#syntax",
  "notes-charts.html#syntax",
  "notes-code.html",
  "notes-code.html#gotchas",
  "notes-code.html#gotchas",
  "notes-code.html#output",
  "notes-code.html#python",
  "notes-code.html#running",
  "notes-code.html#syntax",
  "notes-code.html#syntax",
  "notes-code.html#trust",
  "notes-code.html#trust",
  "notes-code.html#trust",
  "notes-diagrams.html",
  "notes-diagrams.html#gotchas",
  "notes-diagrams.html#rendering",
  "notes-diagrams.html#syntax",
  "notes-diagrams.html#types",
  "notes-footnotes.html",
  "notes-footnotes.html#editor",
  "notes-footnotes.html#gotchas",
  "notes-footnotes.html#panel",
  "notes-footnotes.html#rendering",
  "notes-footnotes.html#syntax",
  "notes-footnotes.html#syntax",
  "notes-frontmatter.html",
  "notes-frontmatter.html#custom",
  "notes-frontmatter.html#gotchas",
  "notes-frontmatter.html#gotchas",
  "notes-frontmatter.html#gotchas",
  "notes-frontmatter.html#keys",
  "notes-frontmatter.html#keys",
  "notes-frontmatter.html#keys",
  "notes-frontmatter.html#keys",
  "notes-frontmatter.html#syntax",
  "notes-frontmatter.html#syntax",
  "notes-frontmatter.html#values",
  "notes-highlights.html",
  "notes-highlights.html#gotchas",
  "notes-highlights.html#gotchas",
  "notes-highlights.html#rendering",
  "notes-highlights.html#rendering",
  "notes-highlights.html#syntax",
  "notes-highlights.html#syntax",
  "notes-images.html",
  "notes-images.html#formats",
  "notes-images.html#gotchas",
  "notes-images.html#gotchas",
  "notes-images.html#gotchas",
  "notes-images.html#gotchas",
  "notes-images.html#relative-paths",
  "notes-images.html#rendering",
  "notes-images.html#storage",
  "notes-images.html#syntax",
  "notes-images.html#syntax",
  "notes-images.html#uploading",
  "notes-images.html#uploading",
  "notes-links.html",
  "notes-links.html#backlinks",
  "notes-links.html#gotchas",
  "notes-links.html#gotchas",
  "notes-links.html#resolving",
  "notes-links.html#syntax",
  "notes-links.html#syntax",
  "notes-links.html#types",
  "notes-links.html#types",
  "notes-math.html",
  "notes-math.html#gotchas",
  "notes-math.html#gotchas",
  "notes-math.html#rendering",
  "notes-math.html#syntax",
  "notes-media.html",
  "notes-media.html#export",
  "notes-media.html#gotchas",
  "notes-media.html#gotchas",
  "notes-media.html#rendering",
  "notes-media.html#syntax",
  "notes-media.html#urls",
  "notes-media.html#urls",
  "notes-rdf.html",
  "notes-rdf.html#gotchas",
  "notes-rdf.html#indexing",
  "notes-rdf.html#prefixes",
  "notes-rdf.html#syntax",
  "notes-rdf.html#syntax",
  "notes-tables.html",
  "notes-tables.html#csvw",
  "notes-tables.html#csvw",
  "notes-tables.html#gotchas",
  "notes-tables.html#gotchas",
  "notes-tables.html#syntax",
  "notes-tables.html#syntax",
  "notes-tasks.html",
  "notes-tasks.html#gotchas",
  "notes-tasks.html#syntax",
  "notes-tasks.html#syntax",
  "notes-tasks.html#toggling",
  "notes-tasks.html#toggling",
  "notes.html",
  "notes.html#contents",
  "notes.html#contents",
  "notes.html#lifecycle",
  "notes.html#lifecycle",
  "query-menu-panel.html",
  "query-menu-panel.html#menu",
  "query-menu-panel.html#panel",
  "query-menu-panel.html#stock-sparql",
  "query-menu-panel.html#stock-sql",
  "query-result-blocks.html",
  "query-result-blocks.html#list-table",
  "query-result-blocks.html#schema",
  "query-result-blocks.html#timeseries",
  "query-runnable-cells.html",
  "query-runnable-cells.html#prefixes",
  "query-runnable-cells.html#running",
  "query-runnable-cells.html#sql-tables",
  "query.html",
  "query.html#glance",
  "query.html#learn-more",
  "right-sidebar-backlinks.html",
  "right-sidebar-backlinks.html#empty",
  "right-sidebar-backlinks.html#gotchas",
  "right-sidebar-backlinks.html#layout",
  "right-sidebar-backlinks.html#layout",
  "right-sidebar-backlinks.html#layout",
  "right-sidebar-bookmarks.html",
  "right-sidebar-bookmarks.html",
  "right-sidebar-bookmarks.html#actions",
  "right-sidebar-bookmarks.html#gotchas",
  "right-sidebar-bookmarks.html#what-shows",
  "right-sidebar-citations.html",
  "right-sidebar-citations.html#gotchas",
  "right-sidebar-citations.html#gotchas",
  "right-sidebar-citations.html#how-it-works",
  "right-sidebar-citations.html#how-it-works",
  "right-sidebar-footnotes.html",
  "right-sidebar-footnotes.html#empty",
  "right-sidebar-footnotes.html#gotchas",
  "right-sidebar-footnotes.html#layout",
  "right-sidebar-footnotes.html#stale",
  "right-sidebar-heading-graph.html",
  "right-sidebar-heading-graph.html#contrast",
  "right-sidebar-heading-graph.html#gotchas",
  "right-sidebar-heading-graph.html#gotchas",
  "right-sidebar-heading-graph.html#how-it-works",
  "right-sidebar-heading-graph.html#how-it-works",
  "right-sidebar-heading-graph.html#how-it-works",
  "right-sidebar-inspections.html",
  "right-sidebar-inspections.html#gotchas",
  "right-sidebar-inspections.html#running",
  "right-sidebar-inspections.html#what-it-checks",
  "right-sidebar-inspections.html#what-it-checks",
  "right-sidebar-outgoing-links.html",
  "right-sidebar-outgoing-links.html#cite-quote",
  "right-sidebar-outgoing-links.html#contents",
  "right-sidebar-outgoing-links.html#contents",
  "right-sidebar-outgoing-links.html#empty",
  "right-sidebar-outline.html",
  "right-sidebar-outline.html#gotchas",
  "right-sidebar-outline.html#how-it-works",
  "right-sidebar-outline.html#how-it-works",
  "right-sidebar-properties.html",
  "right-sidebar-properties.html#editing",
  "right-sidebar-properties.html#editing",
  "right-sidebar-properties.html#editing",
  "right-sidebar-properties.html#invalid",
  "right-sidebar-properties.html#invalid",
  "right-sidebar-properties.html#related",
  "right-sidebar-properties.html#where",
  "right-sidebar-properties.html#writeback",
  "right-sidebar-properties.html#writeback",
  "right-sidebar-proposals.html",
  "right-sidebar-proposals.html#gotchas",
  "right-sidebar-proposals.html#gotchas",
  "right-sidebar-proposals.html#review",
  "right-sidebar-proposals.html#review",
  "right-sidebar-proposals.html#tiers",
  "right-sidebar-proposals.html#what",
  "right-sidebar-proposals.html#what",
  "right-sidebar-related.html",
  "right-sidebar-related.html#gotchas",
  "right-sidebar-related.html#how-it-works",
  "right-sidebar-related.html#how-it-works",
  "right-sidebar-related.html#reading",
  "right-sidebar-related.html#reading",
  "right-sidebar-tables.html",
  "right-sidebar-tables.html",
  "right-sidebar-tables.html#contents",
  "right-sidebar-tables.html#contents",
  "right-sidebar-tables.html#empty",
  "right-sidebar-tables.html#relationship",
  "right-sidebar-tags.html",
  "right-sidebar-tags.html",
  "right-sidebar-tags.html#add-remove",
  "right-sidebar-tags.html#add-remove",
  "right-sidebar-tags.html#gotchas",
  "right-sidebar-tags.html#graph",
  "right-sidebar-tags.html#hierarchy",
  "right-sidebar-tags.html#hierarchy",
  "right-sidebar.html",
  "right-sidebar.html#glance",
  "right-sidebar.html#learn-more",
  "settings-ai.html",
  "settings-ai.html#apikey",
  "settings-ai.html#apikey",
  "settings-ai.html#gotchas",
  "settings-ai.html#gotchas",
  "settings-ai.html#model",
  "settings-ai.html#model",
  "settings-ai.html#tools",
  "settings-ai.html#voice",
  "settings-appearance.html",
  "settings-appearance.html#content-font",
  "settings-appearance.html#content-font",
  "settings-appearance.html#gotchas",
  "settings-appearance.html#theme",
  "settings-behaviors.html",
  "settings-behaviors.html#confirmations",
  "settings-behaviors.html#confirmations",
  "settings-behaviors.html#gotchas",
  "settings-behaviors.html#toggles",
  "settings-bibliography.html",
  "settings-bibliography.html#gotchas",
  "settings-bibliography.html#gotchas",
  "settings-bibliography.html#settings",
  "settings-bibliography.html#settings",
  "settings-bibliography.html#settings",
  "settings-clipper.html",
  "settings-clipper.html#enable",
  "settings-clipper.html#enable",
  "settings-clipper.html#gotchas",
  "settings-clipper.html#no-project",
  "settings-clipper.html#pairing",
  "settings-clipper.html#regenerate",
  "settings-compute.html",
  "settings-compute.html#gotchas",
  "settings-compute.html#gotchas",
  "settings-compute.html#interpreter",
  "settings-compute.html#interpreter",
  "settings-compute.html#interpreter",
  "settings-editor.html",
  "settings-editor.html#settings",
  "settings-editor.html#settings",
  "settings-formatter.html",
  "settings-formatter.html#categories",
  "settings-formatter.html#categories",
  "settings-formatter.html#categories",
  "settings-formatter.html#gotchas",
  "settings-formatter.html#gotchas",
  "settings-formatter.html#model",
  "settings-formatter.html#model",
  "settings-notes.html",
  "settings-notes.html#excerpt-notes",
  "settings-notes.html#refactoring",
  "settings-notes.html#refactoring",
  "settings-notes.html#refactoring",
  "settings-notes.html#refactoring",
  "settings-notes.html#refactoring",
  "settings-skills.html",
  "settings-skills.html#gotchas",
  "settings-skills.html#import",
  "settings-skills.html#import",
  "settings-skills.html#import",
  "settings-skills.html#model-overrides",
  "settings-skills.html#model-overrides",
  "settings-sources.html",
  "settings-sources.html#gotchas",
  "settings-sources.html#gotchas",
  "settings-sources.html#ingest",
  "settings-sources.html#ingest",
  "settings-sources.html#ingest",
  "settings-sources.html#privileged-sites",
  "settings-sources.html#privileged-sites",
  "settings-web.html",
  "settings-web.html#controls",
  "settings-web.html#controls",
  "settings-web.html#gotchas",
  "settings.html",
  "settings.html#glance",
  "settings.html#learn-more",
  "thinking-tools-managing-authoring.html",
  "thinking-tools-managing-authoring.html#gotchas",
  "thinking-tools-managing-authoring.html#gotchas",
  "thinking-tools-managing-authoring.html#settings",
  "thinking-tools-managing-authoring.html#settings",
  "thinking-tools-running-a-skill.html",
  "thinking-tools-running-a-skill.html#gotchas",
  "thinking-tools-running-a-skill.html#gotchas",
  "thinking-tools-running-a-skill.html#gotchas",
  "thinking-tools-running-a-skill.html#invoke",
  "thinking-tools-running-a-skill.html#invoke",
  "thinking-tools-running-a-skill.html#invoke",
  "thinking-tools-running-a-skill.html#output-modes",
  "thinking-tools-running-a-skill.html#output-modes",
  "thinking-tools-three-menus.html",
  "thinking-tools-three-menus.html#gotchas",
  "thinking-tools-three-menus.html#gotchas",
  "thinking-tools-three-menus.html#grouping",
  "thinking-tools-three-menus.html#grouping",
  "thinking-tools-three-menus.html#grouping",
  "thinking-tools-three-menus.html#menus",
  "thinking-tools-three-menus.html#menus",
  "thinking-tools-three-menus.html#menus",
  "thinking-tools-what-they-are.html",
  "thinking-tools-what-they-are.html#not-hardcoded",
  "thinking-tools-what-they-are.html#not-hardcoded",
  "thinking-tools-what-they-are.html#stock-vs-user",
  "thinking-tools-what-they-are.html#stock-vs-user",
  "thinking-tools-what-they-are.html#stock-vs-user",
  "thinking-tools.html",
  "thinking-tools.html#glance",
  "thinking-tools.html#learn-more",
  "viewing-options-font-size-zoom.html",
  "viewing-options-font-size-zoom.html#gotchas",
  "viewing-options-font-size-zoom.html#mechanisms",
  "viewing-options-font-size-zoom.html#mechanisms",
  "viewing-options-split-panes-windows.html",
  "viewing-options-split-panes-windows.html#gotchas",
  "viewing-options-split-panes-windows.html#gotchas",
  "viewing-options-split-panes-windows.html#moving-tabs",
  "viewing-options-split-panes-windows.html#panes",
  "viewing-options-split-panes-windows.html#panes",
  "viewing-options-split-panes-windows.html#view-mode",
  "viewing-options-split-panes-windows.html#which",
  "viewing-options-split-panes-windows.html#windows",
  "viewing-options-themes.html",
  "viewing-options-themes.html#gotchas",
  "viewing-options-themes.html#switching",
  "viewing-options-themes.html#themes",
  "viewing-options-themes.html#themes",
  "viewing-options-view-modes.html",
  "viewing-options-view-modes.html#gotchas",
  "viewing-options-view-modes.html#gotchas",
  "viewing-options-view-modes.html#modes",
  "viewing-options-view-modes.html#modes",
  "viewing-options-view-modes.html#switching",
  "viewing-options-view-modes.html#switching",
  "viewing-options.html",
  "viewing-options.html#glance",
  "viewing-options.html#learn-more",
]
`;
