// Vitest Snapshot v1, https://vitest.dev/guide/snapshot.html

exports[`preload behaviour: surface-wide invariants (#2367) > the full method → channel map is snapshotted (catches swaps no derived check can) 1`] = `
{
  "app.getInfo": "invoke app:getInfo",
  "app.getShortcuts": "invoke app:getShortcuts",
  "bibliography.generate": "invoke bibliography:generate",
  "bibliography.getStyle": "invoke bibliography:getStyle",
  "bibliography.listStyles": "invoke bibliography:listStyles",
  "bibliography.setStyle": "invoke bibliography:setStyle",
  "bookmarks.load": "invoke bookmarks:load",
  "bookmarks.save": "invoke bookmarks:save",
  "citations.renderInline": "invoke citation:renderInline",
  "clipper.getState": "invoke clipper:getState",
  "clipper.regenerateSecret": "invoke clipper:regenerateSecret",
  "clipper.setEnabled": "invoke clipper:setEnabled",
  "collections.addSource": "invoke collections:addSource",
  "collections.create": "invoke collections:create",
  "collections.createSmart": "invoke collections:createSmart",
  "collections.list": "invoke collections:list",
  "collections.onChanged": "on collections:changed",
  "collections.remove": "invoke collections:delete",
  "collections.removeSmart": "invoke collections:deleteSmart",
  "collections.removeSource": "invoke collections:removeSource",
  "collections.rename": "invoke collections:rename",
  "collections.renameSmart": "invoke collections:renameSmart",
  "collections.smartMembers": "invoke collections:smartMembers",
  "collections.updateSmartPredicate": "invoke collections:updateSmartPredicate",
  "compute.browsePython": "invoke compute:browsePython",
  "compute.consentStatus": "invoke compute:consentStatus",
  "compute.getPythonSettings": "invoke compute:getPythonSettings",
  "compute.grantConsent": "invoke compute:grantConsent",
  "compute.interruptPythonKernel": "invoke compute:interruptPython",
  "compute.languages": "invoke compute:languages",
  "compute.listConsent": "invoke compute:listConsent",
  "compute.probePython": "invoke compute:probePython",
  "compute.restartPythonKernel": "invoke compute:restartPythonKernel",
  "compute.revealAuditLog": "invoke compute:revealAuditLog",
  "compute.revokeConsent": "invoke compute:revokeConsent",
  "compute.runCell": "invoke compute:runCell",
  "compute.saveCellOutput": "invoke compute:saveCellOutput",
  "compute.setPythonSettings": "invoke compute:setPythonSettings",
  "conversations.append": "invoke conversation:append",
  "conversations.archive": "invoke conversation:archive",
  "conversations.askUserReply": "invoke conversation:askUserReply",
  "conversations.cancel": "invoke conversation:cancel",
  "conversations.compact": "invoke conversation:compact",
  "conversations.create": "invoke conversation:create",
  "conversations.fileClaimsDraft": "invoke conversation:fileClaimsDraft",
  "conversations.fileDeleteDraft": "invoke conversation:fileDeleteDraft",
  "conversations.fileDraft": "invoke conversation:fileDraft",
  "conversations.fileNoteBodyDraft": "invoke conversation:fileNoteBodyDraft",
  "conversations.filePropertyDraft": "invoke conversation:filePropertyDraft",
  "conversations.fileRefactorDraft": "invoke conversation:fileRefactorDraft",
  "conversations.fileReorgDraft": "invoke conversation:fileReorgDraft",
  "conversations.fileSourceDraft": "invoke conversation:fileSourceDraft",
  "conversations.fileSourcePropertyDraft": "invoke conversation:fileSourcePropertyDraft",
  "conversations.insertComputeDraft": "invoke conversation:insertComputeDraft",
  "conversations.list": "invoke conversation:list",
  "conversations.listActive": "invoke conversation:listActive",
  "conversations.load": "invoke conversation:load",
  "conversations.loadUIState": "invoke conversation:uiStateLoad",
  "conversations.onAskUser": "on conversation:askUser",
  "conversations.onClaimsDraft": "on conversation:claimsDraft",
  "conversations.onComputeDraft": "on conversation:computeDraft",
  "conversations.onDeleteDraft": "on conversation:deleteDraft",
  "conversations.onDraft": "on conversation:draft",
  "conversations.onNoteBodyDraft": "on conversation:noteBodyDraft",
  "conversations.onPropertyDraft": "on conversation:propertyDraft",
  "conversations.onRefactorDraft": "on conversation:refactorDraft",
  "conversations.onReorgDraft": "on conversation:reorgDraft",
  "conversations.onSourceDraft": "on conversation:sourceDraft",
  "conversations.onSourcePropertyDraft": "on conversation:sourcePropertyDraft",
  "conversations.onStream": "on conversation:stream",
  "conversations.retry": "invoke conversation:retry",
  "conversations.runComputeDraft": "invoke conversation:runComputeDraft",
  "conversations.saveUIState": "invoke conversation:uiStateSave",
  "conversations.send": "invoke conversation:send",
  "conversations.setEffort": "invoke conversation:setEffort",
  "conversations.setModel": "invoke conversation:setModel",
  "csl.importLocale": "invoke csl:importLocale",
  "csl.importStyle": "invoke csl:importStyle",
  "csl.listUserLocales": "invoke csl:listUserLocales",
  "csl.listUserStyles": "invoke csl:listUserStyles",
  "csl.removeLocale": "invoke csl:removeLocale",
  "csl.removeStyle": "invoke csl:removeStyle",
  "embeddings.onBackfillProgress": "on embeddings:backfillProgress",
  "embeddings.related": "invoke embeddings:related",
  "embeddings.searchText": "invoke embeddings:searchText",
  "embeddings.unlinkedMentions": "invoke embeddings:unlinkedMentions",
  "export.csv": "invoke export:csv",
  "files.dropImport": "invoke files:dropImport",
  "formatter.formatContent": "invoke formatter:formatContent",
  "formatter.formatFile": "invoke formatter:formatFile",
  "formatter.formatFolder": "invoke formatter:formatFolder",
  "formatter.loadSettings": "invoke formatter:loadSettings",
  "formatter.saveSettings": "invoke formatter:saveSettings",
  "git.commit": "invoke git:commit",
  "git.status": "invoke git:status",
  "graph.aliasEntries": "invoke graph:aliasEntries",
  "graph.aliasMap": "invoke graph:aliasMap",
  "graph.attachExcerptEvidence": "invoke graph:attachExcerptEvidence",
  "graph.excerptSource": "invoke graph:excerptSource",
  "graph.export": "invoke graph:export",
  "graph.frontmatterKeys": "invoke graph:frontmatterKeys",
  "graph.groundCheck": "invoke graph:groundCheck",
  "graph.inspectionSettings": "invoke inspections:getSettings",
  "graph.inspections": "invoke inspections:list",
  "graph.onInspectionsChanged": "on inspections:changed",
  "graph.query": "invoke graph:query",
  "graph.runInspections": "invoke inspections:run",
  "graph.schemaForCompletion": "invoke graph:schemaForCompletion",
  "graph.setBaseUri": "invoke graph:setBaseUri",
  "graph.setInspectionSettings": "invoke inspections:setSettings",
  "graph.sourceDetail": "invoke graph:sourceDetail",
  "history.batchRevert": "invoke history:batchRevert",
  "history.getRevision": "invoke history:getRevision",
  "history.getSettings": "invoke history:getSettings",
  "history.labelNotes": "invoke history:labelNotes",
  "history.list": "invoke history:list",
  "history.listUnified": "invoke history:listUnified",
  "history.onChanged": "on history:changed",
  "history.restore": "invoke history:restore",
  "history.setLabel": "invoke history:setLabel",
  "history.setSettings": "invoke history:setSettings",
  "images.cacheExternal": "invoke images:cacheExternal",
  "links.backlinks": "invoke links:backlinks",
  "links.bundle": "invoke links:bundle",
  "links.citationsForNote": "invoke links:citationsForNote",
  "links.expandNode": "invoke links:expandNode",
  "links.externalInbound": "invoke links:externalInbound",
  "links.neighborhood": "invoke links:neighborhood",
  "links.outgoing": "invoke links:outgoing",
  "maintenance.interruptCell": "invoke maintenance:interruptCell",
  "maintenance.onProgress": "on maintenance:progress",
  "maintenance.rebuildIndexes": "invoke maintenance:rebuildIndexes",
  "maintenance.rebuildSemanticIndex": "invoke maintenance:rebuildSemanticIndex",
  "maintenance.restartKernel": "invoke maintenance:restartKernel",
  "mcpServers.add": "invoke mcpServers:add",
  "mcpServers.connect": "invoke mcpServers:connect",
  "mcpServers.list": "invoke mcpServers:list",
  "mcpServers.remove": "invoke mcpServers:remove",
  "mcpServers.setEnabled": "invoke mcpServers:setEnabled",
  "mcpServers.update": "invoke mcpServers:update",
  "menu.onAbout": "on menu:about",
  "menu.onBibliography": "on menu:bibliography",
  "menu.onClearRecent": "on menu:clearRecent",
  "menu.onCloseGroup": "on menu:closeGroup",
  "menu.onCloseProject": "on menu:closeProject",
  "menu.onCommandPalette": "on menu:commandPalette",
  "menu.onCycleTheme": "on menu:cycleTheme",
  "menu.onEditSavedQueries": "on menu:editSavedQueries",
  "menu.onEditThoughtbaseDoc": "on menu:editThoughtbaseDoc",
  "menu.onExport": "on menu:export",
  "menu.onFind": "on menu:find",
  "menu.onFindInNotes": "on menu:findInNotes",
  "menu.onFindReplace": "on menu:findReplace",
  "menu.onFocusNextGroup": "on menu:focusNextGroup",
  "menu.onFocusPrevGroup": "on menu:focusPrevGroup",
  "menu.onFontDecrease": "on menu:fontDecrease",
  "menu.onFontIncrease": "on menu:fontIncrease",
  "menu.onFontReset": "on menu:fontReset",
  "menu.onFormat": "on menu:format",
  "menu.onGotoLine": "on menu:gotoLine",
  "menu.onImportBibtex": "on menu:importBibtex",
  "menu.onImportZoteroRdf": "on menu:importZoteroRdf",
  "menu.onIngestBulk": "on menu:ingestBulk",
  "menu.onIngestFile": "on menu:ingestFile",
  "menu.onIngestIdentifier": "on menu:ingestIdentifier",
  "menu.onIngestUrl": "on menu:ingestUrl",
  "menu.onInsertTemplate": "on menu:insertTemplate",
  "menu.onInstallTutorial": "on menu:installTutorial",
  "menu.onNavBack": "on menu:navBack",
  "menu.onNavForward": "on menu:navForward",
  "menu.onNewConversation": "on menu:newConversation",
  "menu.onNewNote": "on menu:newNote",
  "menu.onNewProject": "on menu:newProject",
  "menu.onNewQuery": "on menu:newQuery",
  "menu.onOpenInDefault": "on menu:openInDefault",
  "menu.onOpenInTerminal": "on menu:openInTerminal",
  "menu.onOpenProject": "on menu:openProject",
  "menu.onOpenRecentProject": "on menu:openRecentProject",
  "menu.onOpenSettings": "on menu:openSettings",
  "menu.onOpenStockQuery": "on menu:openStockQuery",
  "menu.onPrint": "on menu:print",
  "menu.onProjectOpened": "on project:opened",
  "menu.onPublish": "on menu:publish",
  "menu.onQuickOpen": "on menu:quickOpen",
  "menu.onRefactorAutoLink": "on menu:refactor:autolink",
  "menu.onRefactorAutoLinkInbound": "on menu:refactor:autolinkInbound",
  "menu.onRefactorAutoTag": "on menu:refactor:autotag",
  "menu.onRefactorCopy": "on menu:refactor:copy",
  "menu.onRefactorDecompose": "on menu:refactor:decompose",
  "menu.onRefactorExtract": "on menu:refactor:extract",
  "menu.onRefactorMove": "on menu:refactor:move",
  "menu.onRefactorRename": "on menu:refactor:rename",
  "menu.onRefactorSplitByHeading": "on menu:refactor:splitByHeading",
  "menu.onRefactorSplitHere": "on menu:refactor:splitHere",
  "menu.onReplaceInNotes": "on menu:replaceInNotes",
  "menu.onSave": "on menu:save",
  "menu.onSaveAsObjectType": "on menu:saveAsObjectType",
  "menu.onSaveAsTemplate": "on menu:saveAsTemplate",
  "menu.onSetTheme": "on menu:setTheme",
  "menu.onShortcuts": "on menu:shortcuts",
  "menu.onSortLines": "on menu:sortLines",
  "menu.onSplitDown": "on menu:splitDown",
  "menu.onSplitRight": "on menu:splitRight",
  "menu.onThoughtbaseProperties": "on menu:thoughtbaseProperties",
  "menu.onToggleConversations": "on menu:toggleConversations",
  "menu.onTogglePreview": "on menu:togglePreview",
  "menu.onToggleRightSidebar": "on menu:toggleRightSidebar",
  "menu.onToggleSidebar": "on menu:toggleSidebar",
  "menu.reportEditorState": "send menu:reportEditorState",
  "menu.reportTheme": "send menu:reportTheme",
  "notebase.clearRecent": "invoke recent:clear",
  "notebase.close": "invoke notebase:close",
  "notebase.copy": "invoke notebase:copy",
  "notebase.createFile": "invoke notebase:createFile",
  "notebase.createFolder": "invoke notebase:createFolder",
  "notebase.deleteFile": "invoke notebase:deleteFile",
  "notebase.deleteFolder": "invoke notebase:deleteFolder",
  "notebase.fileExists": "invoke notebase:fileExists",
  "notebase.getOnboardingDismissed": "invoke notebase:getOnboardingDismissed",
  "notebase.getProperties": "invoke notebase:getProperties",
  "notebase.installTutorial": "invoke notebase:installTutorial",
  "notebase.installTutorialInNewWindow": "invoke notebase:installTutorialInNewWindow",
  "notebase.listFiles": "invoke notebase:listFiles",
  "notebase.merge": "invoke notebase:merge",
  "notebase.mergePreview": "invoke notebase:mergePreview",
  "notebase.newProject": "invoke notebase:newProject",
  "notebase.newProjectInNewWindow": "invoke notebase:newProjectInNewWindow",
  "notebase.onFileChanged": "on notebase:fileChanged",
  "notebase.onFileCreated": "on notebase:fileCreated",
  "notebase.onFileDeleted": "on notebase:fileDeleted",
  "notebase.onHeadingRenameSuggested": "on notebase:headingRenameSuggested",
  "notebase.onRenamed": "on notebase:renamed",
  "notebase.onRewritten": "on notebase:rewritten",
  "notebase.open": "invoke notebase:open",
  "notebase.openInNewWindow": "invoke notebase:openInNewWindow",
  "notebase.openPath": "invoke notebase:openPath",
  "notebase.openPathInNewWindow": "invoke notebase:openPathInNewWindow",
  "notebase.readBinary": "invoke notebase:readBinary",
  "notebase.readFile": "invoke notebase:readFile",
  "notebase.rename": "invoke notebase:rename",
  "notebase.renameAnchor": "invoke notebase:renameAnchor",
  "notebase.renameExcerpt": "invoke notebase:renameExcerpt",
  "notebase.renameSource": "invoke notebase:renameSource",
  "notebase.replaceInNotes": "invoke notebase:replaceInNotes",
  "notebase.searchInNotes": "invoke notebase:searchInNotes",
  "notebase.setDisplayName": "invoke notebase:setDisplayName",
  "notebase.setOnboardingDismissed": "invoke notebase:setOnboardingDismissed",
  "notebase.writeBinary": "invoke notebase:writeBinary",
  "notebase.writeFile": "invoke notebase:writeFile",
  "proposals.approve": "invoke proposal:approve",
  "proposals.detail": "invoke proposal:detail",
  "proposals.expire": "invoke proposal:expire",
  "proposals.list": "invoke proposal:list",
  "proposals.notifyArrival": "invoke proposals:notifyArrival",
  "proposals.onChanged": "on proposals:changed",
  "proposals.onShowRequested": "on proposals:show",
  "proposals.reject": "invoke proposal:reject",
  "publish.checkGitHub": "invoke publish:checkGitHub",
  "publish.checkS3": "invoke publish:checkS3",
  "publish.listExporters": "invoke publish:listExporters",
  "publish.listTargets": "invoke publish:listTargets",
  "publish.removeTarget": "invoke publish:removeTarget",
  "publish.resolvePlan": "invoke publish:resolvePlan",
  "publish.runExport": "invoke publish:runExport",
  "publish.toGit": "invoke publish:toGit",
  "publish.upsertTarget": "invoke publish:upsertTarget",
  "queries.delete": "invoke queries:delete",
  "queries.list": "invoke queries:list",
  "queries.move": "invoke queries:move",
  "queries.rename": "invoke queries:rename",
  "queries.save": "invoke queries:save",
  "queries.setGroup": "invoke queries:setGroup",
  "queries.setOrder": "invoke queries:setOrder",
  "refactor.applySuggestedLink": "invoke refactor:applySuggestedLink",
  "refactor.autoLinkApply": "invoke refactor:autoLinkApply",
  "refactor.autoLinkInboundApply": "invoke refactor:autoLinkInboundApply",
  "refactor.autoLinkInboundSuggest": "invoke refactor:autoLinkInboundSuggest",
  "refactor.autoLinkSuggest": "invoke refactor:autoLinkSuggest",
  "refactor.autoTagApply": "invoke refactor:autoTagApply",
  "refactor.autoTagSuggest": "invoke refactor:autoTagSuggest",
  "search.query": "invoke search:query",
  "shell.openExternal": "invoke shell:openExternal",
  "shell.openInDefault": "invoke shell:openInDefault",
  "shell.openInTerminal": "invoke shell:openInTerminal",
  "shell.revealFile": "invoke shell:revealFile",
  "shell.showEmojiPanel": "invoke shell:showEmojiPanel",
  "sites.add": "invoke sites:add",
  "sites.list": "invoke sites:list",
  "sites.login": "invoke sites:login",
  "sites.logout": "invoke sites:logout",
  "sites.remove": "invoke sites:remove",
  "skills.import": "invoke skills:import",
  "skills.list": "invoke skills:list",
  "skills.reload": "invoke skills:reload",
  "skills.remove": "invoke skills:remove",
  "skills.revealFolder": "invoke skills:reveal",
  "skills.setMenuConfig": "invoke skills:menuConfig:set",
  "sources.addTag": "invoke sources:addTag",
  "sources.applyStubResolution": "invoke sources:applyStubResolution",
  "sources.createExcerpt": "invoke sources:createExcerpt",
  "sources.createReferenceStubs": "invoke sources:createReferenceStubs",
  "sources.delete": "invoke sources:delete",
  "sources.finishPdfOcr": "invoke sources:finishPdfOcr",
  "sources.getExcerptNoteFolder": "invoke excerpt:getNoteFolder",
  "sources.getIngestSettings": "invoke ingest:getSettings",
  "sources.hasPdf": "invoke sources:hasPdf",
  "sources.importBibtex": "invoke sources:importBibtex",
  "sources.importZoteroRdf": "invoke sources:importZoteroRdf",
  "sources.ingestBulk": "invoke sources:ingestBulk",
  "sources.ingestFile": "invoke sources:ingestFile",
  "sources.ingestIdentifier": "invoke sources:ingestIdentifier",
  "sources.ingestSmart": "invoke sources:ingestSmart",
  "sources.ingestUrl": "invoke sources:ingestUrl",
  "sources.listAll": "invoke sources:listAll",
  "sources.merge": "invoke sources:merge",
  "sources.mineReferences": "invoke sources:mineReferences",
  "sources.onChanged": "on sources:changed",
  "sources.onExcerptsChanged": "on excerpts:changed",
  "sources.onImportBibtexProgress": "on sources:importBibtexProgress",
  "sources.onImportZoteroRdfProgress": "on sources:importZoteroRdfProgress",
  "sources.queueCounts": "invoke sources:queueCounts",
  "sources.queueMembers": "invoke sources:queueMembers",
  "sources.readPdf": "invoke sources:readPdf",
  "sources.removeTag": "invoke sources:removeTag",
  "sources.resolveStub": "invoke sources:resolveStub",
  "sources.setExcerptNoteFolder": "invoke excerpt:setNoteFolder",
  "sources.setIngestSettings": "invoke ingest:setSettings",
  "sources.setReadDueBy": "invoke sources:setReadDueBy",
  "sources.setReadStatus": "invoke sources:setReadStatus",
  "sources.setTitle": "invoke sources:setTitle",
  "sources.stripUpstreamTags": "invoke sources:stripUpstreamTags",
  "tables.list": "invoke tables:list",
  "tables.onChanged": "on tables:changed",
  "tables.onNameCollision": "on tables:nameCollision",
  "tables.query": "invoke tables:query",
  "tabs.load": "invoke tabs:load",
  "tabs.save": "invoke tabs:save",
  "tags.allNames": "invoke tags:allNames",
  "tags.list": "invoke tags:list",
  "tags.notesByTag": "invoke tags:notesByTag",
  "tags.notesByTagPrefix": "invoke tags:notesByTagPrefix",
  "tags.sourcesByTag": "invoke tags:sourcesByTag",
  "templates.get": "invoke templates:get",
  "templates.list": "invoke templates:list",
  "templates.saveAs": "invoke templates:saveAs",
  "tools.cancel": "invoke tool:cancel",
  "tools.checkConnection": "invoke tool:checkConnection",
  "tools.execute": "invoke tool:execute",
  "tools.getKeyStorage": "invoke tool:getKeyStorage",
  "tools.getSettings": "invoke tool:getSettings",
  "tools.onInvoke": "on tool:invoke",
  "tools.onStream": "on tool:stream",
  "tools.prepareConversation": "invoke tool:prepareConversation",
  "tools.setSettings": "invoke tool:setSettings",
  "types.delete": "invoke types:delete",
  "types.deleteSafely": "invoke types:deleteSafely",
  "types.instances": "invoke types:instances",
  "types.list": "invoke types:list",
  "types.noteProperties": "invoke types:noteProperties",
  "types.noteTypeMap": "invoke types:noteTypeMap",
  "types.rename": "invoke types:rename",
  "types.save": "invoke types:save",
  "views.delete": "invoke views:delete",
  "views.list": "invoke views:list",
  "views.rename": "invoke views:rename",
  "views.save": "invoke views:save",
  "views.setOrder": "invoke views:setOrder",
  "youtube.thumbnail": "invoke youtube:thumbnail",
}
`;
