// Vitest Snapshot v1, https://vitest.dev/guide/snapshot.html

exports[`preload contextBridge contract (#676) > matches the full method surface (snapshot — drift must be reviewed) 1`] = `
{
  "bibliography": [
    "generate",
    "getStyle",
    "listStyles",
    "setStyle",
  ],
  "bookmarks": [
    "load",
    "save",
  ],
  "citations": [
    "renderInline",
  ],
  "collections": [
    "addSource",
    "create",
    "createSmart",
    "list",
    "onChanged",
    "remove",
    "removeSmart",
    "removeSource",
    "rename",
    "renameSmart",
    "smartMembers",
    "updateSmartPredicate",
  ],
  "compute": [
    "browsePython",
    "getPythonSettings",
    "getPythonTrust",
    "interruptPythonKernel",
    "languages",
    "probePython",
    "restartPythonKernel",
    "runCell",
    "saveCellOutput",
    "setPythonSettings",
    "setPythonTrust",
  ],
  "conversations": [
    "append",
    "archive",
    "askUserReply",
    "cancel",
    "create",
    "fileClaimsDraft",
    "fileDraft",
    "filePropertyDraft",
    "fileSourceDraft",
    "fileSourcePropertyDraft",
    "insertComputeDraft",
    "list",
    "listActive",
    "load",
    "loadUIState",
    "onAskUser",
    "onClaimsDraft",
    "onComputeDraft",
    "onDraft",
    "onPropertyDraft",
    "onSourceDraft",
    "onSourcePropertyDraft",
    "onStream",
    "runComputeDraft",
    "saveUIState",
    "send",
    "setModel",
  ],
  "csl": [
    "importLocale",
    "importStyle",
    "listUserLocales",
    "listUserStyles",
    "removeLocale",
    "removeStyle",
  ],
  "export": [
    "csv",
  ],
  "files": [
    "dropImport",
    "getPathForFile",
  ],
  "formatter": [
    "formatContent",
    "formatFile",
    "formatFolder",
    "loadSettings",
    "saveSettings",
  ],
  "git": [
    "commit",
    "status",
  ],
  "graph": [
    "aliasEntries",
    "aliasMap",
    "excerptSource",
    "export",
    "frontmatterKeys",
    "groundCheck",
    "inspections",
    "query",
    "runInspections",
    "schemaForCompletion",
    "sourceDetail",
  ],
  "links": [
    "backlinks",
    "bundle",
    "citationsForNote",
    "externalInbound",
    "outgoing",
  ],
  "menu": [
    "onBibliography",
    "onClearRecent",
    "onCloseProject",
    "onCycleTheme",
    "onEditSavedQueries",
    "onExport",
    "onFind",
    "onFindInNotes",
    "onFindReplace",
    "onFontDecrease",
    "onFontIncrease",
    "onFontReset",
    "onFormat",
    "onGotoLine",
    "onImportBibtex",
    "onImportZoteroRdf",
    "onIngestFile",
    "onIngestIdentifier",
    "onIngestUrl",
    "onInsertTemplate",
    "onNavBack",
    "onNavForward",
    "onNewNote",
    "onNewProject",
    "onNewQuery",
    "onOpenInDefault",
    "onOpenInTerminal",
    "onOpenProject",
    "onOpenRecentProject",
    "onOpenSettings",
    "onOpenStockQuery",
    "onPrint",
    "onProjectOpened",
    "onQuickOpen",
    "onRefactorAutoLink",
    "onRefactorAutoLinkInbound",
    "onRefactorAutoTag",
    "onRefactorCopy",
    "onRefactorDecompose",
    "onRefactorExtract",
    "onRefactorMove",
    "onRefactorRename",
    "onRefactorSplitByHeading",
    "onRefactorSplitHere",
    "onReplaceInNotes",
    "onSave",
    "onSaveAsTemplate",
    "onSortLines",
    "onToggleConversations",
    "onTogglePreview",
    "onToggleRightSidebar",
    "onToggleSidebar",
  ],
  "notebase": [
    "clearRecent",
    "close",
    "copy",
    "createFile",
    "createFolder",
    "deleteFile",
    "deleteFolder",
    "fileExists",
    "getOnboardingDismissed",
    "listFiles",
    "merge",
    "mergePreview",
    "newProject",
    "newProjectInNewWindow",
    "onFileChanged",
    "onFileCreated",
    "onFileDeleted",
    "onHeadingRenameSuggested",
    "onRenamed",
    "onRewritten",
    "open",
    "openInNewWindow",
    "openPath",
    "openPathInNewWindow",
    "readBinary",
    "readFile",
    "rename",
    "renameAnchor",
    "renameExcerpt",
    "renameSource",
    "replaceInNotes",
    "searchInNotes",
    "setOnboardingDismissed",
    "writeBinary",
    "writeFile",
  ],
  "proposals": [
    "approve",
    "detail",
    "expire",
    "list",
    "reject",
  ],
  "publish": [
    "listExporters",
    "resolvePlan",
    "runExport",
  ],
  "queries": [
    "delete",
    "list",
    "move",
    "rename",
    "save",
    "setGroup",
    "setOrder",
  ],
  "refactor": [
    "autoLinkApply",
    "autoLinkInboundApply",
    "autoLinkInboundSuggest",
    "autoLinkSuggest",
    "autoTag",
  ],
  "search": [
    "query",
  ],
  "shell": [
    "openExternal",
    "openInDefault",
    "openInTerminal",
    "revealFile",
  ],
  "sites": [
    "add",
    "list",
    "login",
    "logout",
    "remove",
  ],
  "skills": [
    "import",
    "list",
    "reload",
    "remove",
    "revealFolder",
    "setMenuConfig",
  ],
  "sources": [
    "applyStubResolution",
    "createExcerpt",
    "createReferenceStubs",
    "delete",
    "finishPdfOcr",
    "getExcerptNoteFolder",
    "getIngestSettings",
    "hasPdf",
    "importBibtex",
    "importZoteroRdf",
    "ingestFile",
    "ingestIdentifier",
    "ingestSmart",
    "ingestUrl",
    "listAll",
    "merge",
    "mineReferences",
    "onChanged",
    "onExcerptsChanged",
    "onImportBibtexProgress",
    "onImportZoteroRdfProgress",
    "queueMembers",
    "readPdf",
    "resolveStub",
    "setExcerptNoteFolder",
    "setIngestSettings",
    "setReadDueBy",
    "setReadStatus",
    "stripUpstreamTags",
  ],
  "tables": [
    "list",
    "onChanged",
    "onNameCollision",
    "query",
  ],
  "tabs": [
    "load",
    "save",
  ],
  "tags": [
    "allNames",
    "list",
    "notesByTag",
    "notesByTagPrefix",
    "sourcesByTag",
  ],
  "templates": [
    "get",
    "list",
    "saveAs",
  ],
  "tools": [
    "cancel",
    "execute",
    "getSettings",
    "onInvoke",
    "onStream",
    "prepareConversation",
    "setSettings",
  ],
}
`;
